Skipping import of cpp extensions due to incompatible torch version. Please upgrade to torch >= 2.11.0 (found 2.10.0+cu128).
/home/mashevit/.conda/envs/gsm8k_lora/lib/python3.11/site-packages/torch/cuda/__init__.py:435: UserWarning: 
    Found GPU0 NVIDIA GeForce GTX 1080 Ti which is of cuda capability 6.1.
    Minimum and Maximum cuda capability supported by this version of PyTorch is
    (7.0) - (12.0)
    
  queued_call()
/home/mashevit/.conda/envs/gsm8k_lora/lib/python3.11/site-packages/torch/cuda/__init__.py:435: UserWarning: 
    Please install PyTorch with a following CUDA
    configurations:  12.6 following instructions at
    https://pytorch.org/get-started/locally/
    
  queued_call()
/home/mashevit/.conda/envs/gsm8k_lora/lib/python3.11/site-packages/torch/cuda/__init__.py:435: UserWarning: 
NVIDIA GeForce GTX 1080 Ti with CUDA capability sm_61 is not compatible with the current PyTorch installation.
The current PyTorch install supports CUDA capabilities sm_70 sm_75 sm_80 sm_86 sm_90 sm_100 sm_120.
If you want to use the NVIDIA GeForce GTX 1080 Ti GPU with PyTorch, please check the instructions at https://pytorch.org/get-started/locally/

  queued_call()
Loading checkpoint shards:   0%|          | 0/5 [00:00<?, ?it/s]Loading checkpoint shards:   0%|          | 0/5 [00:15<?, ?it/s]
Traceback (most recent call last):
  File "/home/mashevit/gsm8k_lora_v2/merge_export.py", line 96, in <module>
    main()
  File "/home/mashevit/gsm8k_lora_v2/merge_export.py", line 58, in main
    base_a = AutoModelForCausalLM.from_pretrained(args.base, **load_kwargs())
             ^^^^^^^^^^^^^^^^^^^^^^^^^^^^^^^^^^^^^^^^^^^^^^^^^^^^^^^^^^^^^^^^
  File "/home/mashevit/.conda/envs/gsm8k_lora/lib/python3.11/site-packages/transformers/models/auto/auto_factory.py", line 604, in from_pretrained
    return model_class.from_pretrained(
           ^^^^^^^^^^^^^^^^^^^^^^^^^^^^
  File "/home/mashevit/.conda/envs/gsm8k_lora/lib/python3.11/site-packages/transformers/modeling_utils.py", line 277, in _wrapper
    return func(*args, **kwargs)
           ^^^^^^^^^^^^^^^^^^^^^
  File "/home/mashevit/.conda/envs/gsm8k_lora/lib/python3.11/site-packages/transformers/modeling_utils.py", line 5048, in from_pretrained
    ) = cls._load_pretrained_model(
        ^^^^^^^^^^^^^^^^^^^^^^^^^^^
  File "/home/mashevit/.conda/envs/gsm8k_lora/lib/python3.11/site-packages/transformers/modeling_utils.py", line 5468, in _load_pretrained_model
    _error_msgs, disk_offload_index = load_shard_file(args)
                                      ^^^^^^^^^^^^^^^^^^^^^
  File "/home/mashevit/.conda/envs/gsm8k_lora/lib/python3.11/site-packages/transformers/modeling_utils.py", line 843, in load_shard_file
    disk_offload_index = _load_state_dict_into_meta_model(
                         ^^^^^^^^^^^^^^^^^^^^^^^^^^^^^^^^^
  File "/home/mashevit/.conda/envs/gsm8k_lora/lib/python3.11/site-packages/torch/utils/_contextlib.py", line 124, in decorate_context
    return func(*args, **kwargs)
           ^^^^^^^^^^^^^^^^^^^^^
  File "/home/mashevit/.conda/envs/gsm8k_lora/lib/python3.11/site-packages/transformers/modeling_utils.py", line 750, in _load_state_dict_into_meta_model
    param = param.to(casting_dtype)
            ^^^^^^^^^^^^^^^^^^^^^^^
torch.AcceleratorError: CUDA error: no kernel image is available for execution on the device
Search for `cudaErrorNoKernelImageForDevice' in https://docs.nvidia.com/cuda/cuda-runtime-api/group__CUDART__TYPES.html for more information.
CUDA kernel errors might be asynchronously reported at some other API call, so the stacktrace below might be incorrect.
For debugging consider passing CUDA_LAUNCH_BLOCKING=1
Compile with `TORCH_USE_CUDA_DSA` to enable device-side assertions.

